
 .d88888b.
d88P" "Y88b
888     888
888     888 888  888  8888b.  .d8888b   8888b.  888d888
888     888 888  888     "88b 88K          "88b 888P"
888 Y8b 888 888  888 .d888888 "Y8888b. .d888888 888
Y88b.Y8b88P Y88b 888 888  888      X88 888  888 888
 "Y888888"   "Y88888 "Y888888  88888P' "Y888888 888
       Y8b


 Build mode............. spa
 Pkg quasar............. v2.19.3
 Pkg @quasar/app-vite... v2.6.0
 Pkg vite............... v8.0.13
 Debugging.............. no
 Publishing............. no

 App ÔÇó Using quasar.config.ts in "ts" format
 App ÔÇó  WAIT  ÔÇó Compiling of SPA UI with Vite in progress...
Ô£ù Build failed in 6.39s
Build failed with 4 errors:

[builtin:vite-json] plugin `builtin:vite-json` threw an error

Caused by:
    EOF while parsing a value at line 1 column 0

[builtin:vite-json] plugin `builtin:vite-json` threw an error

Caused by:
    EOF while parsing a value at line 1 column 0

[builtin:vite-json] plugin `builtin:vite-json` threw an error

Caused by:
    EOF while parsing a value at line 1 column 0

[builtin:vite-json] plugin `builtin:vite-json` threw an error

Caused by:
    EOF while parsing a value at line 1 column 0

    at aggregateBindingErrorsIntoJsError (file:///C:/Entwicklung/Projekte/infoPortal/fkportal/node_modules/rolldown/dist/shared/error-CkdMJ9ps.mjs:48:18)
    at unwrapBindingResult (file:///C:/Entwicklung/Projekte/infoPortal/fkportal/node_modules/rolldown/dist/shared/error-CkdMJ9ps.mjs:18:128)
    at #build (file:///C:/Entwicklung/Projekte/infoPortal/fkportal/node_modules/rolldown/dist/shared/rolldown-build-BVD3dIdE.mjs:3275:34)
    at async buildEnvironment (file:///C:/Entwicklung/Projekte/infoPortal/fkportal/node_modules/vite/dist/node/chunks/node.js:33133:64)
    at async Object.build (file:///C:/Entwicklung/Projekte/infoPortal/fkportal/node_modules/vite/dist/node/chunks/node.js:33555:19)
    at async QuasarModeBuilder.buildWithVite (file:///C:/Entwicklung/Projekte/infoPortal/fkportal/node_modules/@quasar/app-vite/lib/app-tool.js:30:5)
    at async QuasarModeBuilder.build (file:///C:/Entwicklung/Projekte/infoPortal/fkportal/node_modules/@quasar/app-vite/lib/modes/spa/spa-builder.js:7:5) {
  errors: [Getter/Setter]
}

 App ÔÇó ÔÜá´©Å   FAIL  App build failed (check the log above)

